Effective config: server=http://192.168.0.12:8000 gamehub_dir=/Users/epurn/Gamehub firmware_dir=/Users/epurn/Gamehub/firmware state=/Users/epurn/Gamehub/state.json steam_userdata=/Users/epurn/Library/Application Support/Steam/userdata steam_id=<auto>
Loading local sync state...
Fetching index: http://192.168.0.12:8000/v1/index
Fetching index attempt 1/3
Missing emulators: azahar, dolphin, pcsx2, retroarch
Dry-run: emulator auto-install skipped
RetroArch cores ready: fceumm_libretro, gambatte_libretro, genesis_plus_gx_libretro, melondsds_libretro, mgba_libretro, mupen64plus_next_libretro, snes9x_libretro, swanstation_libretro
retroarch	dry-run	configure	/Users/epurn/Library/Application Support/RetroArch/retroarch.cfg	menu_combo=Start+Select	all_users_menu=true	analog_dpad_mode=0	libretro_device_p1=261
retroarch	dry-run	core-options	/Users/epurn/Library/Application Support/RetroArch/retroarch-core-options.cfg	psx_controller=AnalogController
retroarch	dry-run	remap	/Users/epurn/Library/Application Support/RetroArch/config/remaps/SwanStation/SwanStation.rmp
pcsx2	dry-run	configure	/Users/epurn/Library/Application Support/PCSX2/inis/PCSX2.ini	bios=/Users/epurn/Gamehub/firmware/PS2
dolphin	dry-run	configure	/Users/epurn/Library/Application Support/Dolphin/Config/Dolphin.ini	fullscreen=true	confirm_stop=false	background_input=true	analytics_enabled=false	analytics_permission_asked=true
azahar	dry-run	configure	/Users/epurn/Library/Application Support/Azahar/config/qt-config.ini	fullscreen=true	confirm_exit_dialog=false
firmware	dry-run	/Users/epurn/Gamehub/firmware/PS2/scph-30004r.bin	->	/Users/epurn/Gamehub/firmware/PS2/scph-30004r.bin
firmware	dry-run	/Users/epurn/Gamehub/firmware/PS2/scph-39001.bin	->	/Users/epurn/Gamehub/firmware/PS2/scph-39001.bin
firmware	dry-run	/Users/epurn/Gamehub/firmware/PS2/scph-70004.bin	->	/Users/epurn/Gamehub/firmware/PS2/scph-70004.bin
firmware	dry-run	/Users/epurn/Gamehub/firmware/PS2/scph10000.bin	->	/Users/epurn/Gamehub/firmware/PS2/scph10000.bin
firmware	dry-run	/Users/epurn/Gamehub/firmware/PSX/ps1_rom.bin	->	/Users/epurn/Library/Application Support/RetroArch/system/ps1_rom.bin
firmware	dry-run	/Users/epurn/Gamehub/firmware/PSX/psxonpsp660.bin	->	/Users/epurn/Library/Application Support/RetroArch/system/psxonpsp660.bin
firmware	dry-run	/Users/epurn/Gamehub/firmware/PSX/scph5500.bin	->	/Users/epurn/Library/Application Support/RetroArch/system/scph5500.bin
firmware	dry-run	/Users/epurn/Gamehub/firmware/PSX/scph5501.bin	->	/Users/epurn/Library/Application Support/RetroArch/system/scph5501.bin
firmware	dry-run	/Users/epurn/Gamehub/firmware/PSX/scph5502.bin	->	/Users/epurn/Library/Application Support/RetroArch/system/scph5502.bin
Firmware deployment dry-run targets: 9
controller-convergence	runtime_rules=0->kbm,1->xbox_1p,2+->xbox_2p	managed_targets=15	assisted_targets=3
controller-convergence	repaired=0	unchanged=17	drift=1	unmanaged=0	errors=0
Init dry-run completed
