Effective config: server=http://192.168.0.12:8000 gamehub_dir=/Users/epurn/Gamehub firmware_dir=/Users/epurn/Gamehub/firmware state=/Users/epurn/Gamehub/state.json steam_userdata=/Users/epurn/Library/Application Support/Steam/userdata steam_id=<auto>
Loading local sync state...
Fetching index: http://192.168.0.12:8000/v1/index
Fetching index attempt 1/3
Missing emulators: azahar, dolphin, pcsx2, retroarch
Installing emulator 'azahar' via official macOS asset into ~/Applications...
Warning: official macOS install failed for azahar: download failed for https://github.com/azahar-emu/azahar/releases/download/2124.3/azahar-2124.3-macos-universal.zip.
Warning: install azahar manually from https://github.com/azahar-emu/azahar/releases/tag/2124.3 and re-run sync.
Installing emulator 'dolphin' via official macOS asset into ~/Applications...
Warning: official macOS install failed for dolphin: download failed for https://dl.dolphin-emu.org/releases/2512/dolphin-2512-universal.dmg.
Warning: install dolphin manually from https://dl.dolphin-emu.org/releases/2512/dolphin-2512-universal.dmg and re-run sync.
Installing emulator 'pcsx2' via official macOS asset into ~/Applications...
Warning: official macOS install failed for pcsx2: download failed for https://github.com/PCSX2/pcsx2/releases/download/v2.6.3/pcsx2-v2.6.3-macos-Qt.tar.xz.
Warning: install pcsx2 manually from https://github.com/PCSX2/pcsx2/releases/download/v2.6.3/pcsx2-v2.6.3-macos-Qt.tar.xz and re-run sync.
Installing emulator 'retroarch' via official macOS asset into ~/Applications...
Warning: official macOS install failed for retroarch: download failed for https://buildbot.libretro.com/stable/1.22.2/apple/osx/universal/RetroArch_Metal.dmg.
Warning: install retroarch manually from https://buildbot.libretro.com/stable/1.22.2/apple/osx/universal/RetroArch_Metal.dmg and re-run sync.
RetroArch cores ready: fceumm_libretro, gambatte_libretro, genesis_plus_gx_libretro, melondsds_libretro, mgba_libretro, mupen64plus_next_libretro, snes9x_libretro, swanstation_libretro
GAMEHUB Sync Plan
kind	system	item	destination	size
save:skip	GB	title_955333b776602f07:battery	<save-path-unavailable>	32768
save:skip	GBA	title_6b662796cb604b02:battery	<save-path-unavailable>	32768
save:skip	GBA	title_99395c7b8d5d07c4:battery	<save-path-unavailable>	8192
save:skip	GBA	title_abdb993a522f6259:battery	<save-path-unavailable>	131072
save:skip	GBC	title_ad0345163ddb5229:battery	<save-path-unavailable>	32768
save:skip	GC	title_006277707852a1eb:per_game	<save-path-unavailable>	41024
save:skip	N3DS	title_0a9a4c08db130101:per_game	<save-path-unavailable>	16
save:skip	N3DS	title_0a9a4c08db130101:per_game	<save-path-unavailable>	483328
save:skip	N3DS	title_57e62933bf35a8c7:per_game	<save-path-unavailable>	4
save:skip	N3DS	title_57e62933bf35a8c7:per_game	<save-path-unavailable>	75024
save:skip	N3DS	title_7b2646437f2b5ec2:per_game	<save-path-unavailable>	1985688
save:skip	N64	title_3049958d6b6f8d73:battery	<save-path-unavailable>	296960
save:skip	N64	title_a2716cb2d6867fc5:battery	<save-path-unavailable>	296960
save:skip	N64	title_e845f88dce1fb532:battery	<save-path-unavailable>	296960
save:skip	NDS	title_f168c2f450803613:battery	<save-path-unavailable>	524288
save:skip	NES	title_4495d87cbd0f0396:battery	<save-path-unavailable>	8192
save:skip	PS2	title_4158a2845ce8eed6:memory_card	<save-path-unavailable>	8650752
save:skip	PS2	title_4158a2845ce8eed6:memory_card	<save-path-unavailable>	8650752
save:skip	PS2	title_aa064f2460999bc3:memory_card	<save-path-unavailable>	8650752
save:skip	PS2	title_aa064f2460999bc3:memory_card	<save-path-unavailable>	8650752
save:skip	PS2	title_afb75d61a82d6409:memory_card	<save-path-unavailable>	8650752
save:skip	PS2	title_afb75d61a82d6409:memory_card	<save-path-unavailable>	8650752
save:skip	PSX	title_79e2b58b22c38d5b:memory_card	<save-path-unavailable>	131072
save:skip	PSX	title_cd2d33c2af011575:memory_card	<save-path-unavailable>	131072
save:skip	SNES	title_4d38ae03e83d86bf:battery	<save-path-unavailable>	8192
save:skip	SNES	title_78ef2a1c01e374ce:battery	<save-path-unavailable>	2048
save:skip	SNES	title_e280712a3eeb0530:battery	<save-path-unavailable>	8192
save:skip	Wii	title_7d7687ffbf1d0991:per_game	<save-path-unavailable>	520
save:skip	Wii	title_7d7687ffbf1d0991:per_game	<save-path-unavailable>	48640
save:skip	Wii	title_7d7687ffbf1d0991:per_game	<save-path-unavailable>	29344

Summary
Total actions: 30
Blocked systems: 0
Skipped titles: 0
save:skip: 30
Steam target: userdata_id=95402412 steamid64=76561198055668140 userdata=/Users/epurn/Library/Application Support/Steam/userdata
Starting SGDB artwork sync for 56 titles
sgdb	lookup	1/56	Pokemon - Blue Version
sgdb	lookup	2/56	Pokemon - Red Version
sgdb	lookup	3/56	Pokemon - Yellow Version
sgdb	lookup	4/56	Legend of Zelda, The - The Minish Cap
sgdb	lookup	5/56	Pokemon - Emerald Version
sgdb	lookup	6/56	Pokemon - FireRed Version
sgdb	lookup	7/56	Pokemon - Radical Red Version
sgdb	lookup	8/56	Yu-Gi-Oh! - The Sacred Cards
sgdb	lookup	9/56	Pokemon - Crystal Version
sgdb	lookup	10/56	Legend of Zelda, The - The Wind Waker
sgdb	lookup	11/56	Luigi's Mansion
sgdb	lookup	12/56	Mario Kart - Double Dash!!
sgdb	lookup	13/56	Mario Party 5
sgdb	lookup	14/56	Pirates! Gold
sgdb	lookup	15/56	Rock n' Roll Racing
sgdb	lookup	16/56	Sonic & Knuckles + Sonic The Hedgehog 3
sgdb	lookup	17/56	Sonic The Hedgehog 2
sgdb	lookup	18/56	Sonic The Hedgehog
sgdb	lookup	19/56	Legend of Zelda, The - A Link Between Worlds
sgdb	lookup	20/56	Legend of Zelda, The - Majora's Mask 3D
sgdb	lookup	21/56	Mario & Luigi - Superstar Saga + Bowser's Minions
sgdb	lookup	22/56	Pokemon Alpha Sapphire
sgdb	lookup	23/56	Pokemon Mystery Dungeon - Gates to Infinity
sgdb	lookup	24/56	Tomodachi Life
sgdb	lookup	25/56	Banjo-Kazooie
sgdb	lookup	26/56	Mario Kart 64
sgdb	lookup	27/56	Paper Mario
sgdb	lookup	28/56	Pokemon Stadium 2
sgdb	lookup	29/56	Pokemon Stadium
sgdb	lookup	30/56	Super Mario 64
sgdb	lookup	31/56	Pokemon - Black Version (USA, Europe) (NDSi Enhanced)
sgdb	lookup	32/56	Pokemon - Black Version 2 (USA, Europe) (NDSi Enhanced)
sgdb	lookup	33/56	Pokemon - Platinum Version
sgdb	lookup	34/56	Final Fantasy
sgdb	lookup	35/56	Legend of Zelda, The (USA) (Rev 1)
sgdb	lookup	36/56	Adventures of Cookie & Cream, The
sgdb	lookup	37/56	Ape Escape 2
sgdb	lookup	38/56	Ape Escape 3
sgdb	lookup	39/56	Plan, The
sgdb	lookup	40/56	Simpsons, The - Hit & Run
sgdb	lookup	41/56	Torino 2006
sgdb	lookup	42/56	Ape Escape
sgdb	lookup	43/56	CTR - Crash Team Racing
sgdb	lookup	44/56	Chrono Trigger
sgdb	lookup	45/56	Donkey Kong Country 2 - Diddy's Kong Quest
sgdb	lookup	46/56	Donkey Kong Country 3 - Dixie Kong's Double Trouble!
sgdb	lookup	47/56	Donkey Kong Country
sgdb	lookup	48/56	EarthBound
sgdb	lookup	49/56	Legend of Zelda, The - A Link to the Past
sgdb	lookup	50/56	Mega Man X
sgdb	lookup	51/56	Super Mario All-Stars
sgdb	lookup	52/56	Super Mario RPG - Legend of the Seven Stars
sgdb	lookup	53/56	Super Mario World 2 - Yoshi's Island
sgdb	lookup	54/56	Super Mario World
sgdb	lookup	55/56	Super Metroid
sgdb	lookup	56/56	Super Mario Galaxy
SGDB artwork: lookups=3 downloaded=0 cached=274
Downloading files: firmware=0 content=0
save	skip	GB	title_955333b776602f07	battery	save-sync-disabled	<save-path-unavailable>
save	skip	GBA	title_6b662796cb604b02	battery	save-sync-disabled	<save-path-unavailable>
save	skip	GBA	title_99395c7b8d5d07c4	battery	save-sync-disabled	<save-path-unavailable>
save	skip	GBA	title_abdb993a522f6259	battery	save-sync-disabled	<save-path-unavailable>
save	skip	GBC	title_ad0345163ddb5229	battery	save-sync-disabled	<save-path-unavailable>
save	skip	GC	title_006277707852a1eb	per_game	save-sync-disabled	<save-path-unavailable>
save	skip	N3DS	title_0a9a4c08db130101	per_game	save-sync-disabled	<save-path-unavailable>
save	skip	N3DS	title_0a9a4c08db130101	per_game	save-sync-disabled	<save-path-unavailable>
save	skip	N3DS	title_57e62933bf35a8c7	per_game	save-sync-disabled	<save-path-unavailable>
save	skip	N3DS	title_57e62933bf35a8c7	per_game	save-sync-disabled	<save-path-unavailable>
save	skip	N3DS	title_7b2646437f2b5ec2	per_game	save-sync-disabled	<save-path-unavailable>
save	skip	N64	title_3049958d6b6f8d73	battery	save-sync-disabled	<save-path-unavailable>
save	skip	N64	title_a2716cb2d6867fc5	battery	save-sync-disabled	<save-path-unavailable>
save	skip	N64	title_e845f88dce1fb532	battery	save-sync-disabled	<save-path-unavailable>
save	skip	NDS	title_f168c2f450803613	battery	save-sync-disabled	<save-path-unavailable>
save	skip	NES	title_4495d87cbd0f0396	battery	save-sync-disabled	<save-path-unavailable>
save	skip	PS2	title_4158a2845ce8eed6	memory_card	save-sync-disabled	<save-path-unavailable>
save	skip	PS2	title_4158a2845ce8eed6	memory_card	save-sync-disabled	<save-path-unavailable>
save	skip	PS2	title_aa064f2460999bc3	memory_card	save-sync-disabled	<save-path-unavailable>
save	skip	PS2	title_aa064f2460999bc3	memory_card	save-sync-disabled	<save-path-unavailable>
save	skip	PS2	title_afb75d61a82d6409	memory_card	save-sync-disabled	<save-path-unavailable>
save	skip	PS2	title_afb75d61a82d6409	memory_card	save-sync-disabled	<save-path-unavailable>
save	skip	PSX	title_79e2b58b22c38d5b	memory_card	save-sync-disabled	<save-path-unavailable>
save	skip	PSX	title_cd2d33c2af011575	memory_card	save-sync-disabled	<save-path-unavailable>
save	skip	SNES	title_4d38ae03e83d86bf	battery	save-sync-disabled	<save-path-unavailable>
save	skip	SNES	title_78ef2a1c01e374ce	battery	save-sync-disabled	<save-path-unavailable>
save	skip	SNES	title_e280712a3eeb0530	battery	save-sync-disabled	<save-path-unavailable>
save	skip	Wii	title_7d7687ffbf1d0991	per_game	save-sync-disabled	<save-path-unavailable>
save	skip	Wii	title_7d7687ffbf1d0991	per_game	save-sync-disabled	<save-path-unavailable>
save	skip	Wii	title_7d7687ffbf1d0991	per_game	save-sync-disabled	<save-path-unavailable>
Save sync summary: planned=30 downloaded=0 uploaded=0 conflicts=0 skipped=30
retroarch	configured	/Users/epurn/Library/Application Support/RetroArch/retroarch.cfg	menu_combo=Start+Select	all_users_menu=true	analog_dpad_mode=0	libretro_device_p1=261
retroarch	configured	core-options	/Users/epurn/Library/Application Support/RetroArch/retroarch-core-options.cfg	psx_controller=AnalogController
retroarch	configured	remap	/Users/epurn/Library/Application Support/RetroArch/config/remaps/SwanStation/SwanStation.rmp
pcsx2	configured	/Users/epurn/Library/Application Support/PCSX2/inis/PCSX2.ini	bios=/Users/epurn/Gamehub/firmware/PS2
dolphin	configured	/Users/epurn/Library/Application Support/Dolphin/Config/Dolphin.ini	fullscreen=true	confirm_stop=false	background_input=true	analytics_enabled=false	analytics_permission_asked=true
azahar	configured	/Users/epurn/Library/Application Support/Azahar/config/qt-config.ini	fullscreen=true	confirm_exit_dialog=false
firmware	up_to_date	/Users/epurn/Gamehub/firmware/PS2/scph-30004r.bin	->	/Users/epurn/Gamehub/firmware/PS2/scph-30004r.bin
firmware	up_to_date	/Users/epurn/Gamehub/firmware/PS2/scph-39001.bin	->	/Users/epurn/Gamehub/firmware/PS2/scph-39001.bin
firmware	up_to_date	/Users/epurn/Gamehub/firmware/PS2/scph-70004.bin	->	/Users/epurn/Gamehub/firmware/PS2/scph-70004.bin
firmware	up_to_date	/Users/epurn/Gamehub/firmware/PS2/scph10000.bin	->	/Users/epurn/Gamehub/firmware/PS2/scph10000.bin
firmware	up_to_date	/Users/epurn/Gamehub/firmware/PSX/ps1_rom.bin	->	/Users/epurn/Library/Application Support/RetroArch/system/ps1_rom.bin
firmware	up_to_date	/Users/epurn/Gamehub/firmware/PSX/psxonpsp660.bin	->	/Users/epurn/Library/Application Support/RetroArch/system/psxonpsp660.bin
firmware	up_to_date	/Users/epurn/Gamehub/firmware/PSX/scph5500.bin	->	/Users/epurn/Library/Application Support/RetroArch/system/scph5500.bin
firmware	up_to_date	/Users/epurn/Gamehub/firmware/PSX/scph5501.bin	->	/Users/epurn/Library/Application Support/RetroArch/system/scph5501.bin
firmware	up_to_date	/Users/epurn/Gamehub/firmware/PSX/scph5502.bin	->	/Users/epurn/Library/Application Support/RetroArch/system/scph5502.bin
Firmware deployment: targets=9 applied=0 skipped=9
controller-convergence	runtime_rules=0->kbm,1->xbox_1p,2+->xbox_2p	managed_targets=15	assisted_targets=3
controller-convergence	repaired=0	unchanged=18	drift=0	unmanaged=0	errors=0
Applying Steam updates...
Backed up Steam config files: /Users/epurn/Library/Application Support/Steam/userdata/95402412/config/shortcuts.vdf.20260309130211.bak, /Users/epurn/Library/Application Support/Steam/userdata/95402412/config/localconfig.vdf.20260309130211.bak, /Users/epurn/Library/Application Support/Steam/userdata/95402412/config/cloudstorage/cloud-storage-namespace-1.json.20260309130211.bak
Steam shortcuts synced: managed_titles=56 total_shortcuts=56
Steam collections unchanged
Copied 277 artwork files into Steam grid
Sync completed
